[28-Jul-2026 08:21:12 UTC] DB Connection Error: SQLSTATE[HY000] [1045] Access denied for user 'root'@'localhost' (using password: NO)
[28-Jul-2026 08:21:18 UTC] DB Connection Error: SQLSTATE[HY000] [1045] Access denied for user 'root'@'localhost' (using password: NO)
[28-Jul-2026 08:22:04 UTC] DB Connection Error: SQLSTATE[HY000] [1045] Access denied for user 'root'@'localhost' (using password: NO)
[28-Jul-2026 09:57:17 UTC] Mail error: SMTP Error: Could not connect to SMTP host. Failed to connect to server SMTP server error: Failed to connect to server SMTP code: 10060 Additional SMTP info: A connection attempt failed because the connected party did not properly respond after a period of time, or established connection failed because connected host has failed to respond
[28-Jul-2026 10:12:51 UTC] log_activity failed: SQLSTATE[23000]: Integrity constraint violation: 1452 Cannot add or update a child row: a foreign key constraint fails (`rentsphere`.`activity_logs`, CONSTRAINT `activity_logs_ibfk_1` FOREIGN KEY (`user_id`) REFERENCES `users` (`id`) ON DELETE SET NULL)
[28-Jul-2026 10:13:54 UTC] Mail error: SMTP Error: Could not connect to SMTP host. Failed to connect to server SMTP server error: Failed to connect to server SMTP code: 10060 Additional SMTP info: A connection attempt failed because the connected party did not properly respond after a period of time, or established connection failed because connected host has failed to respond
[28-Jul-2026 10:15:36 UTC] Mail error: SMTP Error: Could not connect to SMTP host. Failed to connect to server SMTP server error: Failed to connect to server SMTP code: 10060 Additional SMTP info: A connection attempt failed because the connected party did not properly respond after a period of time, or established connection failed because connected host has failed to respond
[28-Jul-2026 10:29:49 UTC] log_activity failed: SQLSTATE[23000]: Integrity constraint violation: 1452 Cannot add or update a child row: a foreign key constraint fails (`rentsphere`.`activity_logs`, CONSTRAINT `activity_logs_ibfk_1` FOREIGN KEY (`user_id`) REFERENCES `users` (`id`) ON DELETE SET NULL)
[29-Jul-2026 06:01:27 UTC] DB Connection Error: SQLSTATE[HY000] [2002] No connection could be made because the target machine actively refused it
[29-Jul-2026 06:01:56 UTC] DB Connection Error: SQLSTATE[HY000] [2002] No connection could be made because the target machine actively refused it
[29-Jul-2026 06:02:07 UTC] DB Connection Error: SQLSTATE[HY000] [2002] No connection could be made because the target machine actively refused it
[29-Jul-2026 06:41:04 UTC] PHP Fatal error:  Uncaught Error: Call to undefined function build_email_html() in C:\laragon\www\rentsphere\auth\login.php:70
Stack trace:
#0 {main}
  thrown in C:\laragon\www\rentsphere\auth\login.php on line 70
[29-Jul-2026 06:41:17 UTC] PHP Fatal error:  Uncaught Error: Call to undefined function build_email_html() in C:\laragon\www\rentsphere\auth\login.php:70
Stack trace:
#0 {main}
  thrown in C:\laragon\www\rentsphere\auth\login.php on line 70
[29-Jul-2026 06:41:29 UTC] PHP Fatal error:  Uncaught Error: Call to undefined function build_email_html() in C:\laragon\www\rentsphere\auth\login.php:70
Stack trace:
#0 {main}
  thrown in C:\laragon\www\rentsphere\auth\login.php on line 70
[29-Jul-2026 06:41:41 UTC] PHP Fatal error:  Uncaught Error: Call to undefined function build_email_html() in C:\laragon\www\rentsphere\auth\login.php:70
Stack trace:
#0 {main}
  thrown in C:\laragon\www\rentsphere\auth\login.php on line 70
[29-Jul-2026 06:42:44 UTC] PHP Fatal error:  Uncaught Error: Call to undefined function build_email_html() in C:\laragon\www\rentsphere\auth\login.php:70
Stack trace:
#0 {main}
  thrown in C:\laragon\www\rentsphere\auth\login.php on line 70
[29-Jul-2026 07:00:08 UTC] DB Connection Error: could not find driver
[29-Jul-2026 08:02:02 UTC] PHP Fatal error:  Uncaught PDOException: SQLSTATE[22007]: Invalid datetime format: 1292 Incorrect date value: '2026-07' for column 'for_month' at row 1 in C:\laragon\www\rentsphere\admin\payments.php:32
Stack trace:
#0 C:\laragon\www\rentsphere\admin\payments.php(32): PDOStatement->execute(Array)
#1 {main}
  thrown in C:\laragon\www\rentsphere\admin\payments.php on line 32
[29-Jul-2026 08:02:13 UTC] PHP Fatal error:  Uncaught PDOException: SQLSTATE[22007]: Invalid datetime format: 1292 Incorrect date value: '2026-07' for column 'for_month' at row 1 in C:\laragon\www\rentsphere\admin\payments.php:32
Stack trace:
#0 C:\laragon\www\rentsphere\admin\payments.php(32): PDOStatement->execute(Array)
#1 {main}
  thrown in C:\laragon\www\rentsphere\admin\payments.php on line 32
[29-Jul-2026 08:02:41 UTC] PHP Fatal error:  Uncaught PDOException: SQLSTATE[22007]: Invalid datetime format: 1292 Incorrect date value: '2026-07' for column 'for_month' at row 1 in C:\laragon\www\rentsphere\admin\payments.php:32
Stack trace:
#0 C:\laragon\www\rentsphere\admin\payments.php(32): PDOStatement->execute(Array)
#1 {main}
  thrown in C:\laragon\www\rentsphere\admin\payments.php on line 32
[29-Jul-2026 11:22:35 UTC] PHP Fatal error:  Uncaught PDOException: SQLSTATE[22007]: Invalid datetime format: 1292 Incorrect date value: '2026-07' for column 'for_month' at row 1 in C:\laragon\www\rentsphere\admin\payments.php:32
Stack trace:
#0 C:\laragon\www\rentsphere\admin\payments.php(32): PDOStatement->execute(Array)
#1 {main}
  thrown in C:\laragon\www\rentsphere\admin\payments.php on line 32
[31-Jul-2026 06:49:58 UTC] PHP Fatal error:  Uncaught PDOException: SQLSTATE[42S02]: Base table or view not found: 1146 Table 'rentsphere.chat_messages' doesn't exist in C:\laragon\www\rentsphere\chat.php:58
Stack trace:
#0 C:\laragon\www\rentsphere\chat.php(58): PDO->prepare('SELECT cm.*, u....')
#1 {main}
  thrown in C:\laragon\www\rentsphere\chat.php on line 58
[31-Jul-2026 06:50:02 UTC] PHP Fatal error:  Uncaught PDOException: SQLSTATE[42S02]: Base table or view not found: 1146 Table 'rentsphere.chat_messages' doesn't exist in C:\laragon\www\rentsphere\chat.php:58
Stack trace:
#0 C:\laragon\www\rentsphere\chat.php(58): PDO->prepare('SELECT cm.*, u....')
#1 {main}
  thrown in C:\laragon\www\rentsphere\chat.php on line 58
[31-Jul-2026 07:00:52 UTC] PHP Fatal error:  Uncaught PDOException: SQLSTATE[42S02]: Base table or view not found: 1146 Table 'rentsphere.chat_messages' doesn't exist in C:\laragon\www\rentsphere\chat.php:58
Stack trace:
#0 C:\laragon\www\rentsphere\chat.php(58): PDO->prepare('SELECT cm.*, u....')
#1 {main}
  thrown in C:\laragon\www\rentsphere\chat.php on line 58
